// Jest Snapshot v1, https://goo.gl/fbAQLP

exports[`should match with snapshot 1`] = `
<styled.button>
  Test button
</styled.button>
`;
